// Vitest Snapshot v1, https://vitest.dev/guide/snapshot.html

exports[`not-found Sprach-Check > Snapshot des gerenderten HTML 1`] = `"<div class="page-shell"><header class="hero" id="top"><div class="wrap hero-grid single"><div><a class="brand" aria-label="Werkzirkel Start" style="margin-bottom:24px;display:inline-flex" href="/"><span class="brand-mark" aria-hidden="true"><span></span><span></span><span></span><span></span></span><span>Werkzirkel</span></a><p class="eyebrow">404 — Nicht gefunden</p><h1>Diese Seite gibt es nicht.</h1><p class="hero-copy">Vielleicht haben wir sie noch nicht gebaut, oder der Link ist veraltet. Hier sind ein paar Orte, die du stattdessen besuchen kannst.</p><div class="hero-actions" style="margin-top:20px;flex-wrap:wrap"><a class="button primary" href="/">Zum Werkzirkel</a><a class="button secondary" href="/bedarf">Bedarf einbringen</a><a class="button secondary" href="/foerdern">Werke fördern</a></div></div></div></header></div>"`;
